SQL> SPOOL PRACT4
SQL> SELECT *
  2  FROM DEPARTAMENTO;

	CD D
---------- ------------------------------------------------------------
	 1 ANALISIS MATEMATICO
	 2 ASTROFISICA
	 3 ESTADISTICA, INVESTIGACION OPERATIVA Y COMPUTACION
	 4 MATEMATICA FUNDAMENTAL

SQL> SELECT CD,D
  2  FROM DEPARTAMENTO;

	CD D
---------- ------------------------------------------------------------
	 1 ANALISIS MATEMATICO
	 2 ASTROFISICA
	 3 ESTADISTICA, INVESTIGACION OPERATIVA Y COMPUTACION
	 4 MATEMATICA FUNDAMENTAL

SQL> SELECT 'HOLA MUNDO' "HOLA MUNDO"
  2  FROM DUAL;

HOLA MUNDO
----------
HOLA MUNDO

SQL> SYSDATE
SP2-0042: unknown command "SYSDATE" - rest of line ignored.
SQL> SELECT SYSDATE
  2  FROM DUAL;

SYSDATE
---------
07-NOV-18

SQL> SELECT CURRENT_DATE
  2  FROM DUAL;

CURRENT_D
---------
07-NOV-18

SQL> COMMENT ON TABLE DEPARTAMENTO
  2  IS 'Esta tabla contiene informacion sobre los dptos';

Comment created.

SQL> SELECT *
  2  FROM USER_TAB_COMMENTS
  3  ;

TABLE_NAME
--------------------------------------------------------------------------------
TABLE_TYPE
-----------
COMMENTS
--------------------------------------------------------------------------------
ORIGIN_CON_ID
-------------
AREA
TABLE

	    3


TABLE_NAME
--------------------------------------------------------------------------------
TABLE_TYPE
-----------
COMMENTS
--------------------------------------------------------------------------------
ORIGIN_CON_ID
-------------
PROFESOR
TABLE

	    3


TABLE_NAME
--------------------------------------------------------------------------------
TABLE_TYPE
-----------
COMMENTS
--------------------------------------------------------------------------------
ORIGIN_CON_ID
-------------
DEPARTAMENTO
TABLE
Esta tabla contiene informacion sobre los dptos
	    3


TABLE_NAME
--------------------------------------------------------------------------------
TABLE_TYPE
-----------
COMMENTS
--------------------------------------------------------------------------------
ORIGIN_CON_ID
-------------
ASIGNATURA
TABLE

	    3


TABLE_NAME
--------------------------------------------------------------------------------
TABLE_TYPE
-----------
COMMENTS
--------------------------------------------------------------------------------
ORIGIN_CON_ID
-------------
PLAN_DOCENTE
TABLE

	    3


SQL> SELECT *
  2  FROM DICTIONARY;

TABLE_NAME
--------------------------------------------------------------------------------
COMMENTS
--------------------------------------------------------------------------------
ALL$OLAP2_AWS


ALL_ALL_TABLES


ALL_ANALYTIC_VIEWS



TABLE_NAME
--------------------------------------------------------------------------------
COMMENTS
--------------------------------------------------------------------------------
ALL_ANALYTIC_VIEW_ATTR_CLASS


ALL_ANALYTIC_VIEW_BASE_MEAS


ALL_ANALYTIC_VIEW_CALC_MEAS



TABLE_NAME
--------------------------------------------------------------------------------
COMMENTS
--------------------------------------------------------------------------------
ALL_ANALYTIC_VIEW_CLASS


ALL_ANALYTIC_VIEW_COLUMNS


ALL_ANALYTIC_VIEW_DIMENSIONS



TABLE_NAME
--------------------------------------------------------------------------------
COMMENTS
--------------------------------------------------------------------------------
ALL_ANALYTIC_VIEW_DIM_CLASS


ALL_ANALYTIC_VIEW_HIERS


ALL_ANALYTIC_VIEW_HIER_CLASS



TABLE_NAME
--------------------------------------------------------------------------------
COMMENTS
--------------------------------------------------------------------------------
ALL_ANALYTIC_VIEW_KEYS


ALL_ANALYTIC_VIEW_LEVELS


ALL_ANALYTIC_VIEW_LEVEL_CLASS



TABLE_NAME
--------------------------------------------------------------------------------
COMMENTS
--------------------------------------------------------------------------------
ALL_ANALYTIC_VIEW_LVLGRPS


ALL_ANALYTIC_VIEW_MEAS_CLASS


ALL_APPLY



TABLE_NAME
--------------------------------------------------------------------------------
COMMENTS
--------------------------------------------------------------------------------
ALL_APPLY_CHANGE_HANDLERS


ALL_APPLY_CONFLICT_COLUMNS


ALL_APPLY_DML_CONF_COLUMNS



TABLE_NAME
--------------------------------------------------------------------------------
COMMENTS
--------------------------------------------------------------------------------
ALL_APPLY_DML_CONF_HANDLERS


ALL_APPLY_DML_HANDLERS


ALL_APPLY_ENQUEUE



TABLE_NAME
--------------------------------------------------------------------------------
COMMENTS
--------------------------------------------------------------------------------
ALL_APPLY_ERROR


ALL_APPLY_ERROR_MESSAGES


ALL_APPLY_EXECUTE



TABLE_NAME
--------------------------------------------------------------------------------
COMMENTS
--------------------------------------------------------------------------------
ALL_APPLY_HANDLE_COLLISIONS


ALL_APPLY_INSTANTIATED_GLOBAL


ALL_APPLY_INSTANTIATED_OBJECTS



TABLE_NAME
--------------------------------------------------------------------------------
COMMENTS
--------------------------------------------------------------------------------
ALL_APPLY_INSTANTIATED_SCHEMAS


ALL_APPLY_KEY_COLUMNS


ALL_APPLY_PARAMETERS



TABLE_NAME
--------------------------------------------------------------------------------
COMMENTS
--------------------------------------------------------------------------------
ALL_APPLY_PROGRESS


ALL_APPLY_REPERROR_HANDLERS


ALL_APPLY_SPILL_TXN



TABLE_NAME
--------------------------------------------------------------------------------
COMMENTS
--------------------------------------------------------------------------------
ALL_APPLY_TABLE_COLUMNS


ALL_ARGUMENTS


ALL_ASSEMBLIES



TABLE_NAME
--------------------------------------------------------------------------------
COMMENTS
--------------------------------------------------------------------------------
ALL_ASSOCIATIONS


ALL_ATTRIBUTE_DIMENSIONS


ALL_ATTRIBUTE_DIM_ATTRS



TABLE_NAME
--------------------------------------------------------------------------------
COMMENTS
--------------------------------------------------------------------------------
ALL_ATTRIBUTE_DIM_ATTR_CLASS


ALL_ATTRIBUTE_DIM_CLASS


ALL_ATTRIBUTE_DIM_JOIN_PATHS



TABLE_NAME
--------------------------------------------------------------------------------
COMMENTS
--------------------------------------------------------------------------------
ALL_ATTRIBUTE_DIM_KEYS


ALL_ATTRIBUTE_DIM_LEVELS


ALL_ATTRIBUTE_DIM_LEVEL_ATTRS



TABLE_NAME
--------------------------------------------------------------------------------
COMMENTS
--------------------------------------------------------------------------------
ALL_ATTRIBUTE_DIM_LVL_CLASS


ALL_ATTRIBUTE_DIM_ORDER_ATTRS


ALL_ATTRIBUTE_DIM_TABLES



TABLE_NAME
--------------------------------------------------------------------------------
COMMENTS
--------------------------------------------------------------------------------
ALL_ATTRIBUTE_TRANSFORMATIONS


ALL_AUDITED_SYSTEM_ACTIONS


ALL_AUDIT_POLICIES



TABLE_NAME
--------------------------------------------------------------------------------
COMMENTS
--------------------------------------------------------------------------------
ALL_AUDIT_POLICY_COLUMNS


ALL_AWS


ALL_AW_AC



TABLE_NAME
--------------------------------------------------------------------------------
COMMENTS
--------------------------------------------------------------------------------
ALL_AW_AC_10G


ALL_AW_OBJ


ALL_AW_PROP



TABLE_NAME
--------------------------------------------------------------------------------
COMMENTS
--------------------------------------------------------------------------------
ALL_AW_PROP_NAME


ALL_AW_PS


ALL_BASE_TABLE_MVIEWS



TABLE_NAME
--------------------------------------------------------------------------------
COMMENTS
--------------------------------------------------------------------------------
ALL_CAPTURE


ALL_CAPTURE_EXTRA_ATTRIBUTES


ALL_CAPTURE_PARAMETERS



TABLE_NAME
--------------------------------------------------------------------------------
COMMENTS
--------------------------------------------------------------------------------
ALL_CAPTURE_PREPARED_DATABASE


ALL_CAPTURE_PREPARED_SCHEMAS


ALL_CAPTURE_PREPARED_TABLES



TABLE_NAME
--------------------------------------------------------------------------------
COMMENTS
--------------------------------------------------------------------------------
ALL_CATALOG


ALL_CHANGE_PROPAGATIONS


ALL_CHANGE_PROPAGATION_SETS



TABLE_NAME
--------------------------------------------------------------------------------
COMMENTS
--------------------------------------------------------------------------------
ALL_CHANGE_SETS


ALL_CHANGE_SOURCES


ALL_CHANGE_TABLES



TABLE_NAME
--------------------------------------------------------------------------------
COMMENTS
--------------------------------------------------------------------------------
ALL_CLUSTERING_DIMENSIONS


ALL_CLUSTERING_JOINS


ALL_CLUSTERING_KEYS



TABLE_NAME
--------------------------------------------------------------------------------
COMMENTS
--------------------------------------------------------------------------------
ALL_CLUSTERING_TABLES


ALL_CLUSTERS


ALL_CLUSTER_HASH_EXPRESSIONS



TABLE_NAME
--------------------------------------------------------------------------------
COMMENTS
--------------------------------------------------------------------------------
ALL_CODE_ROLE_PRIVS


ALL_COLL_TYPES


ALL_COL_COMMENTS



TABLE_NAME
--------------------------------------------------------------------------------
COMMENTS
--------------------------------------------------------------------------------
ALL_COL_PENDING_STATS


ALL_COL_PRIVS


ALL_COL_PRIVS_MADE



TABLE_NAME
--------------------------------------------------------------------------------
COMMENTS
--------------------------------------------------------------------------------
ALL_COL_PRIVS_RECD


ALL_COMPARISON_SCAN_SUMMARY


ALL_CONSTRAINTS



TABLE_NAME
--------------------------------------------------------------------------------
COMMENTS
--------------------------------------------------------------------------------
ALL_CONS_COLUMNS


ALL_CONS_OBJ_COLUMNS


ALL_CONTEXT



TABLE_NAME
--------------------------------------------------------------------------------
COMMENTS
--------------------------------------------------------------------------------
ALL_CREDENTIALS


ALL_CUBES


ALL_CUBE_ATTRIBUTES



TABLE_NAME
--------------------------------------------------------------------------------
COMMENTS
--------------------------------------------------------------------------------
ALL_CUBE_ATTR_MAPPINGS


ALL_CUBE_ATTR_UNIQUE_KEYS


ALL_CUBE_ATTR_VISIBILITY



TABLE_NAME
--------------------------------------------------------------------------------
COMMENTS
--------------------------------------------------------------------------------
ALL_CUBE_BUILD_PROCESSES


ALL_CUBE_CALCULATED_MEMBERS


ALL_CUBE_CLASSIFICATIONS



TABLE_NAME
--------------------------------------------------------------------------------
COMMENTS
--------------------------------------------------------------------------------
ALL_CUBE_DEPENDENCIES


ALL_CUBE_DESCRIPTIONS


ALL_CUBE_DIMENSIONALITY



TABLE_NAME
--------------------------------------------------------------------------------
COMMENTS
--------------------------------------------------------------------------------
ALL_CUBE_DIMENSIONS


ALL_CUBE_DIMNL_MAPPINGS


ALL_CUBE_DIM_LEVELS



TABLE_NAME
--------------------------------------------------------------------------------
COMMENTS
--------------------------------------------------------------------------------
ALL_CUBE_DIM_MAPPINGS


ALL_CUBE_DIM_MODELS


ALL_CUBE_DIM_VIEWS



TABLE_NAME
--------------------------------------------------------------------------------
COMMENTS
--------------------------------------------------------------------------------
ALL_CUBE_DIM_VIEW_COLUMNS


ALL_CUBE_HIERARCHIES


ALL_CUBE_HIER_LEVELS



TABLE_NAME
--------------------------------------------------------------------------------
COMMENTS
--------------------------------------------------------------------------------
ALL_CUBE_HIER_VIEWS


ALL_CUBE_HIER_VIEW_COLUMNS


ALL_CUBE_MAPPINGS



TABLE_NAME
--------------------------------------------------------------------------------
COMMENTS
--------------------------------------------------------------------------------
ALL_CUBE_MEASURES


ALL_CUBE_MEAS_MAPPINGS


ALL_CUBE_NAMED_BUILD_SPECS



TABLE_NAME
--------------------------------------------------------------------------------
COMMENTS
--------------------------------------------------------------------------------
ALL_CUBE_SUB_PARTITION_LEVELS


ALL_CUBE_VIEWS


ALL_CUBE_VIEW_COLUMNS



TABLE_NAME
--------------------------------------------------------------------------------
COMMENTS
--------------------------------------------------------------------------------
ALL_DB_LINKS


ALL_DEF_AUDIT_OPTS


ALL_DEPENDENCIES



TABLE_NAME
--------------------------------------------------------------------------------
COMMENTS
--------------------------------------------------------------------------------
ALL_DEQUEUE_QUEUES


ALL_DIMENSIONS


ALL_DIM_ATTRIBUTES



TABLE_NAME
--------------------------------------------------------------------------------
COMMENTS
--------------------------------------------------------------------------------
ALL_DIM_CHILD_OF


ALL_DIM_HIERARCHIES


ALL_DIM_JOIN_KEY



TABLE_NAME
--------------------------------------------------------------------------------
COMMENTS
--------------------------------------------------------------------------------
ALL_DIM_LEVELS


ALL_DIM_LEVEL_KEY


ALL_DIRECTORIES



TABLE_NAME
--------------------------------------------------------------------------------
COMMENTS
--------------------------------------------------------------------------------
ALL_EDITIONING_VIEWS


ALL_EDITIONING_VIEWS_AE


ALL_EDITIONING_VIEW_COLS



TABLE_NAME
--------------------------------------------------------------------------------
COMMENTS
--------------------------------------------------------------------------------
ALL_EDITIONING_VIEW_COLS_AE


ALL_EDITIONS


ALL_EDITION_COMMENTS



TABLE_NAME
--------------------------------------------------------------------------------
COMMENTS
--------------------------------------------------------------------------------
ALL_ENCRYPTED_COLUMNS


ALL_ERRORS


ALL_ERRORS_AE



TABLE_NAME
--------------------------------------------------------------------------------
COMMENTS
--------------------------------------------------------------------------------
ALL_ERROR_TRANSLATIONS


ALL_EVALUATION_CONTEXTS


ALL_EVALUATION_CONTEXT_TABLES



TABLE_NAME
--------------------------------------------------------------------------------
COMMENTS
--------------------------------------------------------------------------------
ALL_EVALUATION_CONTEXT_VARS


ALL_EXPRESSION_STATISTICS


ALL_EXTERNAL_LOCATIONS



TABLE_NAME
--------------------------------------------------------------------------------
COMMENTS
--------------------------------------------------------------------------------
ALL_EXTERNAL_TABLES


ALL_FILE_GROUPS


ALL_FILE_GROUP_EXPORT_INFO



TABLE_NAME
--------------------------------------------------------------------------------
COMMENTS
--------------------------------------------------------------------------------
ALL_FILE_GROUP_FILES


ALL_FILE_GROUP_TABLES


ALL_FILE_GROUP_TABLESPACES



TABLE_NAME
--------------------------------------------------------------------------------
COMMENTS
--------------------------------------------------------------------------------
ALL_FILE_GROUP_VERSIONS


ALL_GG_AUTO_CDR_COLUMNS


ALL_GG_AUTO_CDR_COLUMN_GROUPS



TABLE_NAME
--------------------------------------------------------------------------------
COMMENTS
--------------------------------------------------------------------------------
ALL_GG_AUTO_CDR_TABLES


ALL_GG_INBOUND_PROGRESS


ALL_GOLDENGATE_INBOUND



TABLE_NAME
--------------------------------------------------------------------------------
COMMENTS
--------------------------------------------------------------------------------
ALL_GOLDENGATE_PRIVILEGES


ALL_GOLDENGATE_RULES


ALL_HEAT_MAP_SEGMENT



TABLE_NAME
--------------------------------------------------------------------------------
COMMENTS
--------------------------------------------------------------------------------
ALL_HEAT_MAP_SEG_HISTOGRAM


ALL_HIERARCHIES


ALL_HIER_CLASS



TABLE_NAME
--------------------------------------------------------------------------------
COMMENTS
--------------------------------------------------------------------------------
ALL_HIER_COLUMNS


ALL_HIER_HIER_ATTRIBUTES


ALL_HIER_HIER_ATTR_CLASS



TABLE_NAME
--------------------------------------------------------------------------------
COMMENTS
--------------------------------------------------------------------------------
ALL_HIER_JOIN_PATHS


ALL_HIER_LEVELS


ALL_HIER_LEVEL_ID_ATTRS



TABLE_NAME
--------------------------------------------------------------------------------
COMMENTS
--------------------------------------------------------------------------------
ALL_HIVE_COLUMNS


ALL_HIVE_DATABASES


ALL_HIVE_PART_KEY_COLUMNS



TABLE_NAME
--------------------------------------------------------------------------------
COMMENTS
--------------------------------------------------------------------------------
ALL_HIVE_TABLES


ALL_HIVE_TAB_PARTITIONS


ALL_IDENTIFIERS



TABLE_NAME
--------------------------------------------------------------------------------
COMMENTS
--------------------------------------------------------------------------------
ALL_INDEXES


ALL_INDEXTYPES


ALL_INDEXTYPE_ARRAYTYPES



TABLE_NAME
--------------------------------------------------------------------------------
COMMENTS
--------------------------------------------------------------------------------
ALL_INDEXTYPE_COMMENTS


ALL_INDEXTYPE_OPERATORS


ALL_IND_COLUMNS



TABLE_NAME
--------------------------------------------------------------------------------
COMMENTS
--------------------------------------------------------------------------------
ALL_IND_COLUMNS_V$


ALL_IND_EXPRESSIONS


ALL_IND_PARTITIONS



TABLE_NAME
--------------------------------------------------------------------------------
COMMENTS
--------------------------------------------------------------------------------
ALL_IND_PENDING_STATS


ALL_IND_STATISTICS


ALL_IND_SUBPARTITIONS



TABLE_NAME
--------------------------------------------------------------------------------
COMMENTS
--------------------------------------------------------------------------------
ALL_INTERNAL_TRIGGERS


ALL_INT_DEQUEUE_QUEUES


ALL_JAVA_ARGUMENTS



TABLE_NAME
--------------------------------------------------------------------------------
COMMENTS
--------------------------------------------------------------------------------
ALL_JAVA_CLASSES


ALL_JAVA_COMPILER_OPTIONS


ALL_JAVA_DERIVATIONS



TABLE_NAME
--------------------------------------------------------------------------------
COMMENTS
--------------------------------------------------------------------------------
ALL_JAVA_FIELDS


ALL_JAVA_IMPLEMENTS


ALL_JAVA_INNERS



TABLE_NAME
--------------------------------------------------------------------------------
COMMENTS
--------------------------------------------------------------------------------
ALL_JAVA_LAYOUTS


ALL_JAVA_METHODS


ALL_JAVA_NCOMPS



TABLE_NAME
--------------------------------------------------------------------------------
COMMENTS
--------------------------------------------------------------------------------
ALL_JAVA_RESOLVERS


ALL_JAVA_THROWS


ALL_JOIN_IND_COLUMNS



TABLE_NAME
--------------------------------------------------------------------------------
COMMENTS
--------------------------------------------------------------------------------
ALL_JSON_COLUMNS


ALL_JSON_DATAGUIDES


ALL_LIBRARIES



TABLE_NAME
--------------------------------------------------------------------------------
COMMENTS
--------------------------------------------------------------------------------
ALL_LOBS


ALL_LOB_PARTITIONS


ALL_LOB_SUBPARTITIONS



TABLE_NAME
--------------------------------------------------------------------------------
COMMENTS
--------------------------------------------------------------------------------
ALL_LOB_TEMPLATES


ALL_LOG_GROUPS


ALL_LOG_GROUP_COLUMNS



TABLE_NAME
--------------------------------------------------------------------------------
COMMENTS
--------------------------------------------------------------------------------
ALL_MEASURE_FOLDERS


ALL_MEASURE_FOLDER_CONTENTS


ALL_MEASURE_FOLDER_SUBFOLDERS



TABLE_NAME
--------------------------------------------------------------------------------
COMMENTS
--------------------------------------------------------------------------------
ALL_METADATA_PROPERTIES


ALL_METHOD_PARAMS


ALL_METHOD_RESULTS



TABLE_NAME
--------------------------------------------------------------------------------
COMMENTS
--------------------------------------------------------------------------------
ALL_MINING_MODELS


ALL_MINING_MODEL_ATTRIBUTES


ALL_MINING_MODEL_PARTITIONS



TABLE_NAME
--------------------------------------------------------------------------------
COMMENTS
--------------------------------------------------------------------------------
ALL_MINING_MODEL_SETTINGS


ALL_MINING_MODEL_VIEWS


ALL_MINING_MODEL_XFORMS



TABLE_NAME
--------------------------------------------------------------------------------
COMMENTS
--------------------------------------------------------------------------------
ALL_MVIEWS


ALL_MVIEW_AGGREGATES


ALL_MVIEW_ANALYSIS



TABLE_NAME
--------------------------------------------------------------------------------
COMMENTS
--------------------------------------------------------------------------------
ALL_MVIEW_COMMENTS


ALL_MVIEW_DETAIL_PARTITION


ALL_MVIEW_DETAIL_RELATIONS



TABLE_NAME
--------------------------------------------------------------------------------
COMMENTS
--------------------------------------------------------------------------------
ALL_MVIEW_DETAIL_SUBPARTITION


ALL_MVIEW_JOINS


ALL_MVIEW_KEYS



TABLE_NAME
--------------------------------------------------------------------------------
COMMENTS
--------------------------------------------------------------------------------
ALL_MVIEW_LOGS


ALL_MVIEW_REFRESH_TIMES


ALL_NESTED_TABLES



TABLE_NAME
--------------------------------------------------------------------------------
COMMENTS
--------------------------------------------------------------------------------
ALL_NESTED_TABLE_COLS


ALL_OBJECTS


ALL_OBJECTS_AE



TABLE_NAME
--------------------------------------------------------------------------------
COMMENTS
--------------------------------------------------------------------------------
ALL_OBJECT_TABLES


ALL_OBJ_COLATTRS


ALL_OPANCILLARY



TABLE_NAME
--------------------------------------------------------------------------------
COMMENTS
--------------------------------------------------------------------------------
ALL_OPARGUMENTS


ALL_OPBINDINGS


ALL_OPERATORS



TABLE_NAME
--------------------------------------------------------------------------------
COMMENTS
--------------------------------------------------------------------------------
ALL_OPERATOR_COMMENTS


ALL_PARTIAL_DROP_TABS


ALL_PART_COL_STATISTICS



TABLE_NAME
--------------------------------------------------------------------------------
COMMENTS
--------------------------------------------------------------------------------
ALL_PART_HISTOGRAMS


ALL_PART_INDEXES


ALL_PART_KEY_COLUMNS



TABLE_NAME
--------------------------------------------------------------------------------
COMMENTS
--------------------------------------------------------------------------------
ALL_PART_KEY_COLUMNS_V$


ALL_PART_LOBS


ALL_PART_TABLES



TABLE_NAME
--------------------------------------------------------------------------------
COMMENTS
--------------------------------------------------------------------------------
ALL_PENDING_CONV_TABLES


ALL_PLSQL_COLL_TYPES


ALL_PLSQL_OBJECT_SETTINGS



TABLE_NAME
--------------------------------------------------------------------------------
COMMENTS
--------------------------------------------------------------------------------
ALL_PLSQL_TYPES


ALL_PLSQL_TYPE_ATTRS


ALL_POLICIES



TABLE_NAME
--------------------------------------------------------------------------------
COMMENTS
--------------------------------------------------------------------------------
ALL_POLICY_ATTRIBUTES


ALL_POLICY_CONTEXTS


ALL_POLICY_GROUPS



TABLE_NAME
--------------------------------------------------------------------------------
COMMENTS
--------------------------------------------------------------------------------
ALL_PROBE_OBJECTS


ALL_PROCEDURES


ALL_PROPAGATION



TABLE_NAME
--------------------------------------------------------------------------------
COMMENTS
--------------------------------------------------------------------------------
ALL_QUEUES


ALL_QUEUE_PUBLISHERS


ALL_QUEUE_SCHEDULES



TABLE_NAME
--------------------------------------------------------------------------------
COMMENTS
--------------------------------------------------------------------------------
ALL_QUEUE_SUBSCRIBERS


ALL_QUEUE_TABLES


ALL_REFRESH



TABLE_NAME
--------------------------------------------------------------------------------
COMMENTS
--------------------------------------------------------------------------------
ALL_REFRESH_CHILDREN


ALL_REFRESH_DEPENDENCIES


ALL_REFS



TABLE_NAME
--------------------------------------------------------------------------------
COMMENTS
--------------------------------------------------------------------------------
ALL_REGISTERED_MVIEWS


ALL_REGISTERED_SNAPSHOTS


ALL_REGISTRY_BANNERS



TABLE_NAME
--------------------------------------------------------------------------------
COMMENTS
--------------------------------------------------------------------------------
ALL_REPLICATION_PROCESS_EVENTS


ALL_REPL_DBNAME_MAPPING


ALL_REWRITE_EQUIVALENCES



TABLE_NAME
--------------------------------------------------------------------------------
COMMENTS
--------------------------------------------------------------------------------
ALL_RULES


ALL_RULESETS


ALL_RULE_SETS



TABLE_NAME
--------------------------------------------------------------------------------
COMMENTS
--------------------------------------------------------------------------------
ALL_RULE_SET_RULES


ALL_SCHEDULER_CHAINS


ALL_SCHEDULER_CHAIN_RULES



TABLE_NAME
--------------------------------------------------------------------------------
COMMENTS
--------------------------------------------------------------------------------
ALL_SCHEDULER_CHAIN_STEPS


ALL_SCHEDULER_CREDENTIALS


ALL_SCHEDULER_DB_DESTS



TABLE_NAME
--------------------------------------------------------------------------------
COMMENTS
--------------------------------------------------------------------------------
ALL_SCHEDULER_DESTS


ALL_SCHEDULER_EXTERNAL_DESTS


ALL_SCHEDULER_FILE_WATCHERS



TABLE_NAME
--------------------------------------------------------------------------------
COMMENTS
--------------------------------------------------------------------------------
ALL_SCHEDULER_GLOBAL_ATTRIBUTE


ALL_SCHEDULER_GROUPS


ALL_SCHEDULER_GROUP_MEMBERS



TABLE_NAME
--------------------------------------------------------------------------------
COMMENTS
--------------------------------------------------------------------------------
ALL_SCHEDULER_INCOMPATS


ALL_SCHEDULER_INCOMPAT_MEMBER


ALL_SCHEDULER_JOBS



TABLE_NAME
--------------------------------------------------------------------------------
COMMENTS
--------------------------------------------------------------------------------
ALL_SCHEDULER_JOB_ARGS


ALL_SCHEDULER_JOB_CLASSES


ALL_SCHEDULER_JOB_DESTS



TABLE_NAME
--------------------------------------------------------------------------------
COMMENTS
--------------------------------------------------------------------------------
ALL_SCHEDULER_JOB_LOG


ALL_SCHEDULER_JOB_RUN_DETAILS


ALL_SCHEDULER_NOTIFICATIONS



TABLE_NAME
--------------------------------------------------------------------------------
COMMENTS
--------------------------------------------------------------------------------
ALL_SCHEDULER_PROGRAMS


ALL_SCHEDULER_PROGRAM_ARGS


ALL_SCHEDULER_REMOTE_DATABASES



TABLE_NAME
--------------------------------------------------------------------------------
COMMENTS
--------------------------------------------------------------------------------
ALL_SCHEDULER_REMOTE_JOBSTATE


ALL_SCHEDULER_RESOURCES


ALL_SCHEDULER_RSC_CONSTRAINTS



TABLE_NAME
--------------------------------------------------------------------------------
COMMENTS
--------------------------------------------------------------------------------
ALL_SCHEDULER_RUNNING_CHAINS


ALL_SCHEDULER_RUNNING_JOBS


ALL_SCHEDULER_SCHEDULES



TABLE_NAME
--------------------------------------------------------------------------------
COMMENTS
--------------------------------------------------------------------------------
ALL_SCHEDULER_WINDOWS


ALL_SCHEDULER_WINDOW_DETAILS


ALL_SCHEDULER_WINDOW_GROUPS



TABLE_NAME
--------------------------------------------------------------------------------
COMMENTS
--------------------------------------------------------------------------------
ALL_SCHEDULER_WINDOW_LOG


ALL_SCHEDULER_WINGROUP_MEMBERS


ALL_SECONDARY_OBJECTS



TABLE_NAME
--------------------------------------------------------------------------------
COMMENTS
--------------------------------------------------------------------------------
ALL_SEC_RELEVANT_COLS


ALL_SEQUENCES


ALL_SERVICES



TABLE_NAME
--------------------------------------------------------------------------------
COMMENTS
--------------------------------------------------------------------------------
ALL_SNAPSHOTS


ALL_SNAPSHOT_LOGS


ALL_SOURCE



TABLE_NAME
--------------------------------------------------------------------------------
COMMENTS
--------------------------------------------------------------------------------
ALL_SOURCE_AE


ALL_SQLJ_TYPES


ALL_SQLJ_TYPE_ATTRS



TABLE_NAME
--------------------------------------------------------------------------------
COMMENTS
--------------------------------------------------------------------------------
ALL_SQLJ_TYPE_METHODS


ALL_SQLSET


ALL_SQLSET_BINDS



TABLE_NAME
--------------------------------------------------------------------------------
COMMENTS
--------------------------------------------------------------------------------
ALL_SQLSET_PLANS


ALL_SQLSET_REFERENCES


ALL_SQLSET_STATEMENTS



TABLE_NAME
--------------------------------------------------------------------------------
COMMENTS
--------------------------------------------------------------------------------
ALL_SQL_TRANSLATIONS


ALL_SQL_TRANSLATION_PROFILES


ALL_STATEMENTS



TABLE_NAME
--------------------------------------------------------------------------------
COMMENTS
--------------------------------------------------------------------------------
ALL_STAT_EXTENSIONS


ALL_STORED_SETTINGS


ALL_STREAMS_COLUMNS



TABLE_NAME
--------------------------------------------------------------------------------
COMMENTS
--------------------------------------------------------------------------------
ALL_STREAMS_GLOBAL_RULES


ALL_STREAMS_KEEP_COLUMNS


ALL_STREAMS_MESSAGE_CONSUMERS



TABLE_NAME
--------------------------------------------------------------------------------
COMMENTS
--------------------------------------------------------------------------------
ALL_STREAMS_MESSAGE_RULES


ALL_STREAMS_NEWLY_SUPPORTED


ALL_STREAMS_RULES



TABLE_NAME
--------------------------------------------------------------------------------
COMMENTS
--------------------------------------------------------------------------------
ALL_STREAMS_SCHEMA_RULES


ALL_STREAMS_TABLE_RULES


ALL_STREAMS_TRANSFORMATIONS



TABLE_NAME
--------------------------------------------------------------------------------
COMMENTS
--------------------------------------------------------------------------------
ALL_STREAMS_TRANSFORM_FUNCTION


ALL_STREAMS_UNSUPPORTED


ALL_SUBPARTITION_TEMPLATES



TABLE_NAME
--------------------------------------------------------------------------------
COMMENTS
--------------------------------------------------------------------------------
ALL_SUBPART_COL_STATISTICS


ALL_SUBPART_HISTOGRAMS


ALL_SUBPART_KEY_COLUMNS



TABLE_NAME
--------------------------------------------------------------------------------
COMMENTS
--------------------------------------------------------------------------------
ALL_SUBPART_KEY_COLUMNS_V$


ALL_SUMDELTA


ALL_SUMMAP



TABLE_NAME
--------------------------------------------------------------------------------
COMMENTS
--------------------------------------------------------------------------------
ALL_SUMMARIES


ALL_SUMMARY_AGGREGATES


ALL_SUMMARY_DETAIL_TABLES



TABLE_NAME
--------------------------------------------------------------------------------
COMMENTS
--------------------------------------------------------------------------------
ALL_SUMMARY_JOINS


ALL_SUMMARY_KEYS


ALL_SYNC_CAPTURE



TABLE_NAME
--------------------------------------------------------------------------------
COMMENTS
--------------------------------------------------------------------------------
ALL_SYNC_CAPTURE_PREPARED_TABS


ALL_SYNC_CAPTURE_TABLES


ALL_SYNONYMS



TABLE_NAME
--------------------------------------------------------------------------------
COMMENTS
--------------------------------------------------------------------------------
ALL_TABLES


ALL_TAB_COLS


ALL_TAB_COLS_V$



TABLE_NAME
--------------------------------------------------------------------------------
COMMENTS
--------------------------------------------------------------------------------
ALL_TAB_COLUMNS


ALL_TAB_COL_STATISTICS


ALL_TAB_COMMENTS



TABLE_NAME
--------------------------------------------------------------------------------
COMMENTS
--------------------------------------------------------------------------------
ALL_TAB_HISTGRM_PENDING_STATS


ALL_TAB_HISTOGRAMS


ALL_TAB_IDENTITY_COLS



TABLE_NAME
--------------------------------------------------------------------------------
COMMENTS
--------------------------------------------------------------------------------
ALL_TAB_MODIFICATIONS


ALL_TAB_PARTITIONS


ALL_TAB_PENDING_STATS



TABLE_NAME
--------------------------------------------------------------------------------
COMMENTS
--------------------------------------------------------------------------------
ALL_TAB_PRIVS


ALL_TAB_PRIVS_MADE


ALL_TAB_PRIVS_RECD



TABLE_NAME
--------------------------------------------------------------------------------
COMMENTS
--------------------------------------------------------------------------------
ALL_TAB_STATISTICS


ALL_TAB_STATS_HISTORY


ALL_TAB_STAT_PREFS



TABLE_NAME
--------------------------------------------------------------------------------
COMMENTS
--------------------------------------------------------------------------------
ALL_TAB_SUBPARTITIONS


ALL_TRANSFORMATIONS


ALL_TRIGGERS



TABLE_NAME
--------------------------------------------------------------------------------
COMMENTS
--------------------------------------------------------------------------------
ALL_TRIGGER_COLS


ALL_TRIGGER_ORDERING


ALL_TSTZ_TABLES



TABLE_NAME
--------------------------------------------------------------------------------
COMMENTS
--------------------------------------------------------------------------------
ALL_TSTZ_TAB_COLS


ALL_TYPES


ALL_TYPE_ATTRS



TABLE_NAME
--------------------------------------------------------------------------------
COMMENTS
--------------------------------------------------------------------------------
ALL_TYPE_METHODS


ALL_TYPE_VERSIONS


ALL_UNUSED_COL_TABS



TABLE_NAME
--------------------------------------------------------------------------------
COMMENTS
--------------------------------------------------------------------------------
ALL_UPDATABLE_COLUMNS


ALL_USERS


ALL_USTATS



TABLE_NAME
--------------------------------------------------------------------------------
COMMENTS
--------------------------------------------------------------------------------
ALL_VARRAYS


ALL_VIEWS


ALL_VIEWS_AE



TABLE_NAME
--------------------------------------------------------------------------------
COMMENTS
--------------------------------------------------------------------------------
ALL_WARNING_SETTINGS


ALL_XDS_ACL_REFRESH


ALL_XDS_ACL_REFSTAT



TABLE_NAME
--------------------------------------------------------------------------------
COMMENTS
--------------------------------------------------------------------------------
ALL_XDS_LATEST_ACL_REFSTAT


ALL_XMLTYPE_COLS


ALL_XML_INDEXES



TABLE_NAME
--------------------------------------------------------------------------------
COMMENTS
--------------------------------------------------------------------------------
ALL_XML_NESTED_TABLES


ALL_XML_OUT_OF_LINE_TABLES


ALL_XML_SCHEMAS



TABLE_NAME
--------------------------------------------------------------------------------
COMMENTS
--------------------------------------------------------------------------------
ALL_XML_SCHEMAS2


ALL_XML_SCHEMA_ATTRIBUTES


ALL_XML_SCHEMA_COMPLEX_TYPES



TABLE_NAME
--------------------------------------------------------------------------------
COMMENTS
--------------------------------------------------------------------------------
ALL_XML_SCHEMA_ELEMENTS


ALL_XML_SCHEMA_NAMESPACES


ALL_XML_SCHEMA_SIMPLE_TYPES



TABLE_NAME
--------------------------------------------------------------------------------
COMMENTS
--------------------------------------------------------------------------------
ALL_XML_SCHEMA_SUBSTGRP_HEAD


ALL_XML_SCHEMA_SUBSTGRP_MBRS


ALL_XML_TABLES



TABLE_NAME
--------------------------------------------------------------------------------
COMMENTS
--------------------------------------------------------------------------------
ALL_XML_TAB_COLS


ALL_XML_VIEWS


ALL_XML_VIEW_COLS



TABLE_NAME
--------------------------------------------------------------------------------
COMMENTS
--------------------------------------------------------------------------------
ALL_XSTREAM_ADMINISTRATOR


ALL_XSTREAM_INBOUND


ALL_XSTREAM_INBOUND_PROGRESS



TABLE_NAME
--------------------------------------------------------------------------------
COMMENTS
--------------------------------------------------------------------------------
ALL_XSTREAM_OUTBOUND


ALL_XSTREAM_OUTBOUND_PROGRESS


ALL_XSTREAM_OUT_SUPPORT_MODE



TABLE_NAME
--------------------------------------------------------------------------------
COMMENTS
--------------------------------------------------------------------------------
ALL_XSTREAM_RULES


ALL_XSTREAM_TRANSFORMATIONS


ALL_XS_ACES



TABLE_NAME
--------------------------------------------------------------------------------
COMMENTS
--------------------------------------------------------------------------------
ALL_XS_ACLS


ALL_XS_ACL_PARAMETERS


ALL_XS_APPLICABLE_OBJECTS



TABLE_NAME
--------------------------------------------------------------------------------
COMMENTS
--------------------------------------------------------------------------------
ALL_XS_APPLIED_POLICIES


ALL_XS_COLUMN_CONSTRAINTS


ALL_XS_IMPLIED_PRIVILEGES



TABLE_NAME
--------------------------------------------------------------------------------
COMMENTS
--------------------------------------------------------------------------------
ALL_XS_INHERITED_REALMS


ALL_XS_POLICIES


ALL_XS_PRIVILEGES



TABLE_NAME
--------------------------------------------------------------------------------
COMMENTS
--------------------------------------------------------------------------------
ALL_XS_REALM_CONSTRAINTS


ALL_XS_SECURITY_CLASSES


ALL_XS_SECURITY_CLASS_DEP



TABLE_NAME
--------------------------------------------------------------------------------
COMMENTS
--------------------------------------------------------------------------------
ALL_XTERNAL_LOC_PARTITIONS


ALL_XTERNAL_LOC_SUBPARTITIONS


ALL_XTERNAL_PART_TABLES



TABLE_NAME
--------------------------------------------------------------------------------
COMMENTS
--------------------------------------------------------------------------------
ALL_XTERNAL_TAB_PARTITIONS


ALL_XTERNAL_TAB_SUBPARTITIONS


ALL_XT_HIVE_TABLES_VALIDATION



TABLE_NAME
--------------------------------------------------------------------------------
COMMENTS
--------------------------------------------------------------------------------
ALL_ZONEMAPS


ALL_ZONEMAP_MEASURES


USER_ADDM_FDG_BREAKDOWN



TABLE_NAME
--------------------------------------------------------------------------------
COMMENTS
--------------------------------------------------------------------------------
USER_ADDM_FINDINGS


USER_ADDM_INSTANCES


USER_ADDM_TASKS



TABLE_NAME
--------------------------------------------------------------------------------
COMMENTS
--------------------------------------------------------------------------------
USER_ADDM_TASK_DIRECTIVES


USER_ADVISOR_ACTIONS


USER_ADVISOR_DIR_TASK_INST



TABLE_NAME
--------------------------------------------------------------------------------
COMMENTS
--------------------------------------------------------------------------------
USER_ADVISOR_EXECUTIONS


USER_ADVISOR_EXEC_PARAMETERS


USER_ADVISOR_FDG_BREAKDOWN



TABLE_NAME
--------------------------------------------------------------------------------
COMMENTS
--------------------------------------------------------------------------------
USER_ADVISOR_FINDINGS


USER_ADVISOR_JOURNAL


USER_ADVISOR_LOG



TABLE_NAME
--------------------------------------------------------------------------------
COMMENTS
--------------------------------------------------------------------------------
USER_ADVISOR_OBJECTS


USER_ADVISOR_PARAMETERS


USER_ADVISOR_RATIONALE



TABLE_NAME
--------------------------------------------------------------------------------
COMMENTS
--------------------------------------------------------------------------------
USER_ADVISOR_RECOMMENDATIONS


USER_ADVISOR_SQLA_COLVOL


USER_ADVISOR_SQLA_REC_SUM



TABLE_NAME
--------------------------------------------------------------------------------
COMMENTS
--------------------------------------------------------------------------------
USER_ADVISOR_SQLA_TABLES


USER_ADVISOR_SQLA_TABVOL


USER_ADVISOR_SQLA_WK_MAP



TABLE_NAME
--------------------------------------------------------------------------------
COMMENTS
--------------------------------------------------------------------------------
USER_ADVISOR_SQLA_WK_STMTS


USER_ADVISOR_SQLA_WK_SUM


USER_ADVISOR_SQLPLANS



TABLE_NAME
--------------------------------------------------------------------------------
COMMENTS
--------------------------------------------------------------------------------
USER_ADVISOR_SQLSTATS


USER_ADVISOR_SQLW_COLVOL


USER_ADVISOR_SQLW_JOURNAL



TABLE_NAME
--------------------------------------------------------------------------------
COMMENTS
--------------------------------------------------------------------------------
USER_ADVISOR_SQLW_PARAMETERS


USER_ADVISOR_SQLW_STMTS


USER_ADVISOR_SQLW_SUM



TABLE_NAME
--------------------------------------------------------------------------------
COMMENTS
--------------------------------------------------------------------------------
USER_ADVISOR_SQLW_TABLES


USER_ADVISOR_SQLW_TABVOL


USER_ADVISOR_SQLW_TEMPLATES



TABLE_NAME
--------------------------------------------------------------------------------
COMMENTS
--------------------------------------------------------------------------------
USER_ADVISOR_TASKS


USER_ADVISOR_TEMPLATES


USER_ALL_TABLES



TABLE_NAME
--------------------------------------------------------------------------------
COMMENTS
--------------------------------------------------------------------------------
USER_ANALYTIC_VIEWS


USER_ANALYTIC_VIEW_ATTR_CLASS


USER_ANALYTIC_VIEW_BASE_MEAS



TABLE_NAME
--------------------------------------------------------------------------------
COMMENTS
--------------------------------------------------------------------------------
USER_ANALYTIC_VIEW_CALC_MEAS


USER_ANALYTIC_VIEW_CLASS


USER_ANALYTIC_VIEW_COLUMNS



TABLE_NAME
--------------------------------------------------------------------------------
COMMENTS
--------------------------------------------------------------------------------
USER_ANALYTIC_VIEW_DIMENSIONS


USER_ANALYTIC_VIEW_DIM_CLASS


USER_ANALYTIC_VIEW_HIERS



TABLE_NAME
--------------------------------------------------------------------------------
COMMENTS
--------------------------------------------------------------------------------
USER_ANALYTIC_VIEW_HIER_CLASS


USER_ANALYTIC_VIEW_KEYS


USER_ANALYTIC_VIEW_LEVELS



TABLE_NAME
--------------------------------------------------------------------------------
COMMENTS
--------------------------------------------------------------------------------
USER_ANALYTIC_VIEW_LEVEL_CLASS


USER_ANALYTIC_VIEW_LVLGRPS


USER_ANALYTIC_VIEW_MEAS_CLASS



TABLE_NAME
--------------------------------------------------------------------------------
COMMENTS
--------------------------------------------------------------------------------
USER_APPLICATION_ROLES


USER_APPLY_ERROR


USER_AQ_AGENT_PRIVS



TABLE_NAME
--------------------------------------------------------------------------------
COMMENTS
--------------------------------------------------------------------------------
USER_ARGUMENTS


USER_ASSEMBLIES


USER_ASSOCIATIONS



TABLE_NAME
--------------------------------------------------------------------------------
COMMENTS
--------------------------------------------------------------------------------
USER_ATTRIBUTE_DIMENSIONS


USER_ATTRIBUTE_DIM_ATTRS


USER_ATTRIBUTE_DIM_ATTR_CLASS



TABLE_NAME
--------------------------------------------------------------------------------
COMMENTS
--------------------------------------------------------------------------------
USER_ATTRIBUTE_DIM_CLASS


USER_ATTRIBUTE_DIM_JOIN_PATHS


USER_ATTRIBUTE_DIM_KEYS



TABLE_NAME
--------------------------------------------------------------------------------
COMMENTS
--------------------------------------------------------------------------------
USER_ATTRIBUTE_DIM_LEVELS


USER_ATTRIBUTE_DIM_LEVEL_ATTRS


USER_ATTRIBUTE_DIM_LVL_CLASS



TABLE_NAME
--------------------------------------------------------------------------------
COMMENTS
--------------------------------------------------------------------------------
USER_ATTRIBUTE_DIM_ORDER_ATTRS


USER_ATTRIBUTE_DIM_TABLES


USER_ATTRIBUTE_TRANSFORMATIONS



TABLE_NAME
--------------------------------------------------------------------------------
COMMENTS
--------------------------------------------------------------------------------
USER_AUDIT_OBJECT


USER_AUDIT_POLICIES


USER_AUDIT_POLICY_COLUMNS



TABLE_NAME
--------------------------------------------------------------------------------
COMMENTS
--------------------------------------------------------------------------------
USER_AUDIT_SESSION


USER_AUDIT_STATEMENT


USER_AUDIT_TRAIL



TABLE_NAME
--------------------------------------------------------------------------------
COMMENTS
--------------------------------------------------------------------------------
USER_AWS


USER_AW_OBJ


USER_AW_PROP



TABLE_NAME
--------------------------------------------------------------------------------
COMMENTS
--------------------------------------------------------------------------------
USER_AW_PS


USER_BASE_TABLE_MVIEWS


USER_CATALOG



TABLE_NAME
--------------------------------------------------------------------------------
COMMENTS
--------------------------------------------------------------------------------
USER_CHANGE_NOTIFICATION_REGS


USER_CLUSTERING_DIMENSIONS


USER_CLUSTERING_JOINS



TABLE_NAME
--------------------------------------------------------------------------------
COMMENTS
--------------------------------------------------------------------------------
USER_CLUSTERING_KEYS


USER_CLUSTERING_TABLES


USER_CLUSTERS



TABLE_NAME
--------------------------------------------------------------------------------
COMMENTS
--------------------------------------------------------------------------------
USER_CLUSTER_HASH_EXPRESSIONS


USER_CLU_COLUMNS


USER_CODE_ROLE_PRIVS



TABLE_NAME
--------------------------------------------------------------------------------
COMMENTS
--------------------------------------------------------------------------------
USER_COLL_TYPES


USER_COL_COMMENTS


USER_COL_PENDING_STATS



TABLE_NAME
--------------------------------------------------------------------------------
COMMENTS
--------------------------------------------------------------------------------
USER_COL_PRIVS


USER_COL_PRIVS_MADE


USER_COL_PRIVS_RECD



TABLE_NAME
--------------------------------------------------------------------------------
COMMENTS
--------------------------------------------------------------------------------
USER_COMPARISON


USER_COMPARISON_COLUMNS


USER_COMPARISON_ROW_DIF



TABLE_NAME
--------------------------------------------------------------------------------
COMMENTS
--------------------------------------------------------------------------------
USER_COMPARISON_SCAN


USER_COMPARISON_SCAN_SUMMARY


USER_COMPARISON_SCAN_VALUES



TABLE_NAME
--------------------------------------------------------------------------------
COMMENTS
--------------------------------------------------------------------------------
USER_CONSTRAINTS


USER_CONS_COLUMNS


USER_CONS_OBJ_COLUMNS



TABLE_NAME
--------------------------------------------------------------------------------
COMMENTS
--------------------------------------------------------------------------------
USER_CQ_NOTIFICATION_QUERIES


USER_CREDENTIALS


USER_CUBES



TABLE_NAME
--------------------------------------------------------------------------------
COMMENTS
--------------------------------------------------------------------------------
USER_CUBE_ATTRIBUTES


USER_CUBE_ATTR_MAPPINGS


USER_CUBE_ATTR_UNIQUE_KEYS



TABLE_NAME
--------------------------------------------------------------------------------
COMMENTS
--------------------------------------------------------------------------------
USER_CUBE_ATTR_VISIBILITY


USER_CUBE_BUILD_PROCESSES


USER_CUBE_CALCULATED_MEMBERS



TABLE_NAME
--------------------------------------------------------------------------------
COMMENTS
--------------------------------------------------------------------------------
USER_CUBE_CLASSIFICATIONS


USER_CUBE_DEPENDENCIES


USER_CUBE_DESCRIPTIONS



TABLE_NAME
--------------------------------------------------------------------------------
COMMENTS
--------------------------------------------------------------------------------
USER_CUBE_DIMENSIONALITY


USER_CUBE_DIMENSIONS


USER_CUBE_DIMNL_MAPPINGS



TABLE_NAME
--------------------------------------------------------------------------------
COMMENTS
--------------------------------------------------------------------------------
USER_CUBE_DIM_LEVELS


USER_CUBE_DIM_MAPPINGS


USER_CUBE_DIM_MODELS



TABLE_NAME
--------------------------------------------------------------------------------
COMMENTS
--------------------------------------------------------------------------------
USER_CUBE_DIM_VIEWS


USER_CUBE_DIM_VIEW_COLUMNS


USER_CUBE_HIERARCHIES



TABLE_NAME
--------------------------------------------------------------------------------
COMMENTS
--------------------------------------------------------------------------------
USER_CUBE_HIER_LEVELS


USER_CUBE_HIER_VIEWS


USER_CUBE_HIER_VIEW_COLUMNS



TABLE_NAME
--------------------------------------------------------------------------------
COMMENTS
--------------------------------------------------------------------------------
USER_CUBE_MAPPINGS


USER_CUBE_MEASURES


USER_CUBE_MEAS_MAPPINGS



TABLE_NAME
--------------------------------------------------------------------------------
COMMENTS
--------------------------------------------------------------------------------
USER_CUBE_NAMED_BUILD_SPECS


USER_CUBE_SUB_PARTITION_LEVELS


USER_CUBE_VIEWS



TABLE_NAME
--------------------------------------------------------------------------------
COMMENTS
--------------------------------------------------------------------------------
USER_CUBE_VIEW_COLUMNS


USER_DATAPUMP_JOBS


USER_DBFS_HS



TABLE_NAME
--------------------------------------------------------------------------------
COMMENTS
--------------------------------------------------------------------------------
USER_DBFS_HS_COMMANDS


USER_DBFS_HS_FILES


USER_DBFS_HS_FIXED_PROPERTIES



TABLE_NAME
--------------------------------------------------------------------------------
COMMENTS
--------------------------------------------------------------------------------
USER_DBFS_HS_PROPERTIES


USER_DB_LINKS


USER_DEPENDENCIES



TABLE_NAME
--------------------------------------------------------------------------------
COMMENTS
--------------------------------------------------------------------------------
USER_DIMENSIONS


USER_DIM_ATTRIBUTES


USER_DIM_CHILD_OF



TABLE_NAME
--------------------------------------------------------------------------------
COMMENTS
--------------------------------------------------------------------------------
USER_DIM_HIERARCHIES


USER_DIM_JOIN_KEY


USER_DIM_LEVELS



TABLE_NAME
--------------------------------------------------------------------------------
COMMENTS
--------------------------------------------------------------------------------
USER_DIM_LEVEL_KEY


USER_EDITIONED_TYPES


USER_EDITIONING_VIEWS



TABLE_NAME
--------------------------------------------------------------------------------
COMMENTS
--------------------------------------------------------------------------------
USER_EDITIONING_VIEWS_AE


USER_EDITIONING_VIEW_COLS


USER_EDITIONING_VIEW_COLS_AE



TABLE_NAME
--------------------------------------------------------------------------------
COMMENTS
--------------------------------------------------------------------------------
USER_ENCRYPTED_COLUMNS


USER_EPG_DAD_AUTHORIZATION


USER_ERRORS



TABLE_NAME
--------------------------------------------------------------------------------
COMMENTS
--------------------------------------------------------------------------------
USER_ERRORS_AE


USER_ERROR_TRANSLATIONS


USER_EVALUATION_CONTEXTS



TABLE_NAME
--------------------------------------------------------------------------------
COMMENTS
--------------------------------------------------------------------------------
USER_EVALUATION_CONTEXT_TABLES


USER_EVALUATION_CONTEXT_VARS


USER_EXPRESSION_STATISTICS



TABLE_NAME
--------------------------------------------------------------------------------
COMMENTS
--------------------------------------------------------------------------------
USER_EXTENTS


USER_EXTERNAL_LOCATIONS


USER_EXTERNAL_TABLES



TABLE_NAME
--------------------------------------------------------------------------------
COMMENTS
--------------------------------------------------------------------------------
USER_FILE_GROUPS


USER_FILE_GROUP_EXPORT_INFO


USER_FILE_GROUP_FILES



TABLE_NAME
--------------------------------------------------------------------------------
COMMENTS
--------------------------------------------------------------------------------
USER_FILE_GROUP_TABLES


USER_FILE_GROUP_TABLESPACES


USER_FILE_GROUP_VERSIONS



TABLE_NAME
--------------------------------------------------------------------------------
COMMENTS
--------------------------------------------------------------------------------
USER_FLASHBACK_ARCHIVE


USER_FLASHBACK_ARCHIVE_TABLES


USER_FLASHBACK_TXN_REPORT



TABLE_NAME
--------------------------------------------------------------------------------
COMMENTS
--------------------------------------------------------------------------------
USER_FLASHBACK_TXN_STATE


USER_FREE_SPACE


USER_GOLDENGATE_PRIVILEGES



TABLE_NAME
--------------------------------------------------------------------------------
COMMENTS
--------------------------------------------------------------------------------
USER_HEAT_MAP_SEGMENT


USER_HEAT_MAP_SEG_HISTOGRAM


USER_HIERARCHIES



TABLE_NAME
--------------------------------------------------------------------------------
COMMENTS
--------------------------------------------------------------------------------
USER_HIER_CLASS


USER_HIER_COLUMNS


USER_HIER_HIER_ATTRIBUTES



TABLE_NAME
--------------------------------------------------------------------------------
COMMENTS
--------------------------------------------------------------------------------
USER_HIER_HIER_ATTR_CLASS


USER_HIER_JOIN_PATHS


USER_HIER_LEVELS



TABLE_NAME
--------------------------------------------------------------------------------
COMMENTS
--------------------------------------------------------------------------------
USER_HIER_LEVEL_ID_ATTRS


USER_HIVE_COLUMNS


USER_HIVE_DATABASES



TABLE_NAME
--------------------------------------------------------------------------------
COMMENTS
--------------------------------------------------------------------------------
USER_HIVE_PART_KEY_COLUMNS


USER_HIVE_TABLES


USER_HIVE_TAB_PARTITIONS



TABLE_NAME
--------------------------------------------------------------------------------
COMMENTS
--------------------------------------------------------------------------------
USER_HOST_ACES


USER_IDENTIFIERS


USER_ILMDATAMOVEMENTPOLICIES



TABLE_NAME
--------------------------------------------------------------------------------
COMMENTS
--------------------------------------------------------------------------------
USER_ILMEVALUATIONDETAILS


USER_ILMOBJECTS


USER_ILMPOLICIES



TABLE_NAME
--------------------------------------------------------------------------------
COMMENTS
--------------------------------------------------------------------------------
USER_ILMRESULTS


USER_ILMTASKS


USER_IM_EXPRESSIONS



TABLE_NAME
--------------------------------------------------------------------------------
COMMENTS
--------------------------------------------------------------------------------
USER_INDEXES


USER_INDEXTYPES


USER_INDEXTYPE_ARRAYTYPES



TABLE_NAME
--------------------------------------------------------------------------------
COMMENTS
--------------------------------------------------------------------------------
USER_INDEXTYPE_COMMENTS


USER_INDEXTYPE_OPERATORS


USER_IND_COLUMNS



TABLE_NAME
--------------------------------------------------------------------------------
COMMENTS
--------------------------------------------------------------------------------
USER_IND_COLUMNS_V$


USER_IND_EXPRESSIONS


USER_IND_PARTITIONS



TABLE_NAME
--------------------------------------------------------------------------------
COMMENTS
--------------------------------------------------------------------------------
USER_IND_PENDING_STATS


USER_IND_STATISTICS


USER_IND_SUBPARTITIONS



TABLE_NAME
--------------------------------------------------------------------------------
COMMENTS
--------------------------------------------------------------------------------
USER_INTERNAL_TRIGGERS


USER_JAVA_ARGUMENTS


USER_JAVA_CLASSES



TABLE_NAME
--------------------------------------------------------------------------------
COMMENTS
--------------------------------------------------------------------------------
USER_JAVA_COMPILER_OPTIONS


USER_JAVA_DERIVATIONS


USER_JAVA_FIELDS



TABLE_NAME
--------------------------------------------------------------------------------
COMMENTS
--------------------------------------------------------------------------------
USER_JAVA_IMPLEMENTS


USER_JAVA_INNERS


USER_JAVA_LAYOUTS



TABLE_NAME
--------------------------------------------------------------------------------
COMMENTS
--------------------------------------------------------------------------------
USER_JAVA_METHODS


USER_JAVA_NCOMPS


USER_JAVA_POLICY



TABLE_NAME
--------------------------------------------------------------------------------
COMMENTS
--------------------------------------------------------------------------------
USER_JAVA_RESOLVERS


USER_JAVA_THROWS


USER_JOBS



TABLE_NAME
--------------------------------------------------------------------------------
COMMENTS
--------------------------------------------------------------------------------
USER_JOINGROUPS


USER_JOIN_IND_COLUMNS


USER_JSON_COLUMNS



TABLE_NAME
--------------------------------------------------------------------------------
COMMENTS
--------------------------------------------------------------------------------
USER_JSON_DATAGUIDES


USER_LIBRARIES


USER_LOBS



TABLE_NAME
--------------------------------------------------------------------------------
COMMENTS
--------------------------------------------------------------------------------
USER_LOB_PARTITIONS


USER_LOB_SUBPARTITIONS


USER_LOB_TEMPLATES



TABLE_NAME
--------------------------------------------------------------------------------
COMMENTS
--------------------------------------------------------------------------------
USER_LOG_GROUPS


USER_LOG_GROUP_COLUMNS


USER_MEASURE_FOLDERS



TABLE_NAME
--------------------------------------------------------------------------------
COMMENTS
--------------------------------------------------------------------------------
USER_MEASURE_FOLDER_CONTENTS


USER_MEASURE_FOLDER_SUBFOLDERS


USER_METADATA_PROPERTIES



TABLE_NAME
--------------------------------------------------------------------------------
COMMENTS
--------------------------------------------------------------------------------
USER_METHOD_PARAMS


USER_METHOD_RESULTS


USER_MINING_MODELS



TABLE_NAME
--------------------------------------------------------------------------------
COMMENTS
--------------------------------------------------------------------------------
USER_MINING_MODEL_ATTRIBUTES


USER_MINING_MODEL_PARTITIONS


USER_MINING_MODEL_SETTINGS



TABLE_NAME
--------------------------------------------------------------------------------
COMMENTS
--------------------------------------------------------------------------------
USER_MINING_MODEL_VIEWS


USER_MINING_MODEL_XFORMS


USER_MVIEWS



TABLE_NAME
--------------------------------------------------------------------------------
COMMENTS
--------------------------------------------------------------------------------
USER_MVIEW_AGGREGATES


USER_MVIEW_ANALYSIS


USER_MVIEW_COMMENTS



TABLE_NAME
--------------------------------------------------------------------------------
COMMENTS
--------------------------------------------------------------------------------
USER_MVIEW_DETAIL_PARTITION


USER_MVIEW_DETAIL_RELATIONS


USER_MVIEW_DETAIL_SUBPARTITION



TABLE_NAME
--------------------------------------------------------------------------------
COMMENTS
--------------------------------------------------------------------------------
USER_MVIEW_JOINS


USER_MVIEW_KEYS


USER_MVIEW_LOGS



TABLE_NAME
--------------------------------------------------------------------------------
COMMENTS
--------------------------------------------------------------------------------
USER_MVIEW_REFRESH_TIMES


USER_MVREF_CHANGE_STATS


USER_MVREF_RUN_STATS



TABLE_NAME
--------------------------------------------------------------------------------
COMMENTS
--------------------------------------------------------------------------------
USER_MVREF_STATS


USER_MVREF_STATS_PARAMS


USER_MVREF_STATS_SYS_DEFAULTS



TABLE_NAME
--------------------------------------------------------------------------------
COMMENTS
--------------------------------------------------------------------------------
USER_MVREF_STMT_STATS


USER_NESTED_TABLES


USER_NESTED_TABLE_COLS



TABLE_NAME
--------------------------------------------------------------------------------
COMMENTS
--------------------------------------------------------------------------------
USER_NETWORK_ACL_PRIVILEGES


USER_OBJECTS


USER_OBJECTS_AE



TABLE_NAME
--------------------------------------------------------------------------------
COMMENTS
--------------------------------------------------------------------------------
USER_OBJECT_SIZE


USER_OBJECT_TABLES


USER_OBJECT_USAGE



TABLE_NAME
--------------------------------------------------------------------------------
COMMENTS
--------------------------------------------------------------------------------
USER_OBJ_AUDIT_OPTS


USER_OBJ_COLATTRS


USER_OLDIMAGE_COLUMNS



TABLE_NAME
--------------------------------------------------------------------------------
COMMENTS
--------------------------------------------------------------------------------
USER_OPANCILLARY


USER_OPARGUMENTS


USER_OPBINDINGS



TABLE_NAME
--------------------------------------------------------------------------------
COMMENTS
--------------------------------------------------------------------------------
USER_OPERATORS


USER_OPERATOR_COMMENTS


USER_OUTLINES



TABLE_NAME
--------------------------------------------------------------------------------
COMMENTS
--------------------------------------------------------------------------------
USER_OUTLINE_HINTS


USER_PARALLEL_EXECUTE_CHUNKS


USER_PARALLEL_EXECUTE_TASKS



TABLE_NAME
--------------------------------------------------------------------------------
COMMENTS
--------------------------------------------------------------------------------
USER_PARTIAL_DROP_TABS


USER_PART_COL_STATISTICS


USER_PART_HISTOGRAMS



TABLE_NAME
--------------------------------------------------------------------------------
COMMENTS
--------------------------------------------------------------------------------
USER_PART_INDEXES


USER_PART_KEY_COLUMNS


USER_PART_KEY_COLUMNS_V$



TABLE_NAME
--------------------------------------------------------------------------------
COMMENTS
--------------------------------------------------------------------------------
USER_PART_LOBS


USER_PART_TABLES


USER_PASSWORD_LIMITS



TABLE_NAME
--------------------------------------------------------------------------------
COMMENTS
--------------------------------------------------------------------------------
USER_PENDING_CONV_TABLES


USER_PLSQL_COLL_TYPES


USER_PLSQL_OBJECT_SETTINGS



TABLE_NAME
--------------------------------------------------------------------------------
COMMENTS
--------------------------------------------------------------------------------
USER_PLSQL_TYPES


USER_PLSQL_TYPE_ATTRS


USER_POLICIES



TABLE_NAME
--------------------------------------------------------------------------------
COMMENTS
--------------------------------------------------------------------------------
USER_POLICY_ATTRIBUTES


USER_POLICY_CONTEXTS


USER_POLICY_GROUPS



TABLE_NAME
--------------------------------------------------------------------------------
COMMENTS
--------------------------------------------------------------------------------
USER_PROCEDURES


USER_PROXIES


USER_PUBLISHED_COLUMNS



TABLE_NAME
--------------------------------------------------------------------------------
COMMENTS
--------------------------------------------------------------------------------
USER_QUEUES


USER_QUEUE_PUBLISHERS


USER_QUEUE_SCHEDULES



TABLE_NAME
--------------------------------------------------------------------------------
COMMENTS
--------------------------------------------------------------------------------
USER_QUEUE_SUBSCRIBERS


USER_QUEUE_TABLES


USER_RECYCLEBIN



TABLE_NAME
--------------------------------------------------------------------------------
COMMENTS
--------------------------------------------------------------------------------
USER_REFRESH


USER_REFRESH_CHILDREN


USER_REFS



TABLE_NAME
--------------------------------------------------------------------------------
COMMENTS
--------------------------------------------------------------------------------
USER_REGISTERED_MVIEWS


USER_REGISTERED_SNAPSHOTS


USER_REGISTRY



TABLE_NAME
--------------------------------------------------------------------------------
COMMENTS
--------------------------------------------------------------------------------
USER_RESOURCE_LIMITS


USER_RESUMABLE


USER_REWRITE_EQUIVALENCES



TABLE_NAME
--------------------------------------------------------------------------------
COMMENTS
--------------------------------------------------------------------------------
USER_ROLE_PRIVS


USER_RSRC_CONSUMER_GROUP_PRIVS


USER_RSRC_MANAGER_SYSTEM_PRIVS



TABLE_NAME
--------------------------------------------------------------------------------
COMMENTS
--------------------------------------------------------------------------------
USER_RULES


USER_RULESETS


USER_RULE_SETS



TABLE_NAME
--------------------------------------------------------------------------------
COMMENTS
--------------------------------------------------------------------------------
USER_RULE_SET_RULES


USER_SCHEDULER_CHAINS


USER_SCHEDULER_CHAIN_RULES



TABLE_NAME
--------------------------------------------------------------------------------
COMMENTS
--------------------------------------------------------------------------------
USER_SCHEDULER_CHAIN_STEPS


USER_SCHEDULER_CREDENTIALS


USER_SCHEDULER_DB_DESTS



TABLE_NAME
--------------------------------------------------------------------------------
COMMENTS
--------------------------------------------------------------------------------
USER_SCHEDULER_DESTS


USER_SCHEDULER_FILE_WATCHERS


USER_SCHEDULER_GROUPS



TABLE_NAME
--------------------------------------------------------------------------------
COMMENTS
--------------------------------------------------------------------------------
USER_SCHEDULER_GROUP_MEMBERS


USER_SCHEDULER_INCOMPATS


USER_SCHEDULER_INCOMPAT_MEMBER



TABLE_NAME
--------------------------------------------------------------------------------
COMMENTS
--------------------------------------------------------------------------------
USER_SCHEDULER_JOBS


USER_SCHEDULER_JOB_ARGS


USER_SCHEDULER_JOB_DESTS



TABLE_NAME
--------------------------------------------------------------------------------
COMMENTS
--------------------------------------------------------------------------------
USER_SCHEDULER_JOB_LOG


USER_SCHEDULER_JOB_RUN_DETAILS


USER_SCHEDULER_NOTIFICATIONS



TABLE_NAME
--------------------------------------------------------------------------------
COMMENTS
--------------------------------------------------------------------------------
USER_SCHEDULER_PROGRAMS


USER_SCHEDULER_PROGRAM_ARGS


USER_SCHEDULER_REMOTE_JOBSTATE



TABLE_NAME
--------------------------------------------------------------------------------
COMMENTS
--------------------------------------------------------------------------------
USER_SCHEDULER_RESOURCES


USER_SCHEDULER_RSC_CONSTRAINTS


USER_SCHEDULER_RUNNING_CHAINS



TABLE_NAME
--------------------------------------------------------------------------------
COMMENTS
--------------------------------------------------------------------------------
USER_SCHEDULER_RUNNING_JOBS


USER_SCHEDULER_SCHEDULES


USER_SECONDARY_OBJECTS



TABLE_NAME
--------------------------------------------------------------------------------
COMMENTS
--------------------------------------------------------------------------------
USER_SEC_RELEVANT_COLS


USER_SEGMENTS


USER_SEQUENCES



TABLE_NAME
--------------------------------------------------------------------------------
COMMENTS
--------------------------------------------------------------------------------
USER_SNAPSHOTS


USER_SNAPSHOT_LOGS


USER_SOURCE



TABLE_NAME
--------------------------------------------------------------------------------
COMMENTS
--------------------------------------------------------------------------------
USER_SOURCE_AE


USER_SOURCE_TABLES


USER_SQLJ_TYPES



TABLE_NAME
--------------------------------------------------------------------------------
COMMENTS
--------------------------------------------------------------------------------
USER_SQLJ_TYPE_ATTRS


USER_SQLJ_TYPE_METHODS


USER_SQLSET



TABLE_NAME
--------------------------------------------------------------------------------
COMMENTS
--------------------------------------------------------------------------------
USER_SQLSET_BINDS


USER_SQLSET_PLANS


USER_SQLSET_REFERENCES



TABLE_NAME
--------------------------------------------------------------------------------
COMMENTS
--------------------------------------------------------------------------------
USER_SQLSET_STATEMENTS


USER_SQLTUNE_BINDS


USER_SQLTUNE_PLANS



TABLE_NAME
--------------------------------------------------------------------------------
COMMENTS
--------------------------------------------------------------------------------
USER_SQLTUNE_RATIONALE_PLAN


USER_SQLTUNE_STATISTICS


USER_SQL_TRANSLATIONS



TABLE_NAME
--------------------------------------------------------------------------------
COMMENTS
--------------------------------------------------------------------------------
USER_SQL_TRANSLATION_PROFILES


USER_SR_GRP_STATUS


USER_SR_GRP_STATUS_ALL



TABLE_NAME
--------------------------------------------------------------------------------
COMMENTS
--------------------------------------------------------------------------------
USER_SR_OBJ


USER_SR_OBJ_ALL


USER_SR_OBJ_STATUS



TABLE_NAME
--------------------------------------------------------------------------------
COMMENTS
--------------------------------------------------------------------------------
USER_SR_OBJ_STATUS_ALL


USER_SR_PARTN_OPS


USER_SR_STLOG_EXCEPTIONS



TABLE_NAME
--------------------------------------------------------------------------------
COMMENTS
--------------------------------------------------------------------------------
USER_SR_STLOG_STATS


USER_STATEMENTS


USER_STAT_EXTENSIONS



TABLE_NAME
--------------------------------------------------------------------------------
COMMENTS
--------------------------------------------------------------------------------
USER_STORED_SETTINGS


USER_SUBPARTITION_TEMPLATES


USER_SUBPART_COL_STATISTICS



TABLE_NAME
--------------------------------------------------------------------------------
COMMENTS
--------------------------------------------------------------------------------
USER_SUBPART_HISTOGRAMS


USER_SUBPART_KEY_COLUMNS


USER_SUBPART_KEY_COLUMNS_V$



TABLE_NAME
--------------------------------------------------------------------------------
COMMENTS
--------------------------------------------------------------------------------
USER_SUBSCRIBED_COLUMNS


USER_SUBSCRIBED_TABLES


USER_SUBSCRIPTIONS



TABLE_NAME
--------------------------------------------------------------------------------
COMMENTS
--------------------------------------------------------------------------------
USER_SUBSCR_REGISTRATIONS


USER_SUMMARIES


USER_SUMMARY_AGGREGATES



TABLE_NAME
--------------------------------------------------------------------------------
COMMENTS
--------------------------------------------------------------------------------
USER_SUMMARY_DETAIL_TABLES


USER_SUMMARY_JOINS


USER_SUMMARY_KEYS



TABLE_NAME
--------------------------------------------------------------------------------
COMMENTS
--------------------------------------------------------------------------------
USER_SYNONYMS


USER_SYS_PRIVS


USER_TABLES



TABLE_NAME
--------------------------------------------------------------------------------
COMMENTS
--------------------------------------------------------------------------------
USER_TABLESPACES


USER_TAB_COLS


USER_TAB_COLS_V$



TABLE_NAME
--------------------------------------------------------------------------------
COMMENTS
--------------------------------------------------------------------------------
USER_TAB_COLUMNS


USER_TAB_COL_STATISTICS


USER_TAB_COMMENTS



TABLE_NAME
--------------------------------------------------------------------------------
COMMENTS
--------------------------------------------------------------------------------
USER_TAB_HISTGRM_PENDING_STATS


USER_TAB_HISTOGRAMS


USER_TAB_IDENTITY_COLS



TABLE_NAME
--------------------------------------------------------------------------------
COMMENTS
--------------------------------------------------------------------------------
USER_TAB_MODIFICATIONS


USER_TAB_PARTITIONS


USER_TAB_PENDING_STATS



TABLE_NAME
--------------------------------------------------------------------------------
COMMENTS
--------------------------------------------------------------------------------
USER_TAB_PRIVS


USER_TAB_PRIVS_MADE


USER_TAB_PRIVS_RECD



TABLE_NAME
--------------------------------------------------------------------------------
COMMENTS
--------------------------------------------------------------------------------
USER_TAB_STATISTICS


USER_TAB_STATS_HISTORY


USER_TAB_STAT_PREFS



TABLE_NAME
--------------------------------------------------------------------------------
COMMENTS
--------------------------------------------------------------------------------
USER_TAB_SUBPARTITIONS


USER_TRANSFORMATIONS


USER_TRIGGERS



TABLE_NAME
--------------------------------------------------------------------------------
COMMENTS
--------------------------------------------------------------------------------
USER_TRIGGER_COLS


USER_TRIGGER_ORDERING


USER_TS



TABLE_NAME
--------------------------------------------------------------------------------
COMMENTS
--------------------------------------------------------------------------------
USER_TSTZ_TABLES


USER_TSTZ_TAB_COLS


USER_TS_QUOTAS



TABLE_NAME
--------------------------------------------------------------------------------
COMMENTS
--------------------------------------------------------------------------------
USER_TUNE_MVIEW


USER_TYPES


USER_TYPE_ATTRS



TABLE_NAME
--------------------------------------------------------------------------------
COMMENTS
--------------------------------------------------------------------------------
USER_TYPE_METHODS


USER_TYPE_VERSIONS


USER_UNUSED_COL_TABS



TABLE_NAME
--------------------------------------------------------------------------------
COMMENTS
--------------------------------------------------------------------------------
USER_UPDATABLE_COLUMNS


USER_USERS


USER_USTATS



TABLE_NAME
--------------------------------------------------------------------------------
COMMENTS
--------------------------------------------------------------------------------
USER_VARRAYS


USER_VIEWS


USER_VIEWS_AE



TABLE_NAME
--------------------------------------------------------------------------------
COMMENTS
--------------------------------------------------------------------------------
USER_WALLET_ACES


USER_WARNING_SETTINGS


USER_XDS_ACL_REFRESH



TABLE_NAME
--------------------------------------------------------------------------------
COMMENTS
--------------------------------------------------------------------------------
USER_XDS_ACL_REFSTAT


USER_XDS_LATEST_ACL_REFSTAT


USER_XMLTYPE_COLS



TABLE_NAME
--------------------------------------------------------------------------------
COMMENTS
--------------------------------------------------------------------------------
USER_XML_COLUMN_NAMES


USER_XML_INDEXES


USER_XML_NESTED_TABLES



TABLE_NAME
--------------------------------------------------------------------------------
COMMENTS
--------------------------------------------------------------------------------
USER_XML_OUT_OF_LINE_TABLES


USER_XML_SCHEMAS


USER_XML_SCHEMA_ATTRIBUTES



TABLE_NAME
--------------------------------------------------------------------------------
COMMENTS
--------------------------------------------------------------------------------
USER_XML_SCHEMA_COMPLEX_TYPES


USER_XML_SCHEMA_ELEMENTS


USER_XML_SCHEMA_NAMESPACES



TABLE_NAME
--------------------------------------------------------------------------------
COMMENTS
--------------------------------------------------------------------------------
USER_XML_SCHEMA_SIMPLE_TYPES


USER_XML_SCHEMA_SUBSTGRP_HEAD


USER_XML_SCHEMA_SUBSTGRP_MBRS



TABLE_NAME
--------------------------------------------------------------------------------
COMMENTS
--------------------------------------------------------------------------------
USER_XML_TABLES


USER_XML_TAB_COLS


USER_XML_VIEWS



TABLE_NAME
--------------------------------------------------------------------------------
COMMENTS
--------------------------------------------------------------------------------
USER_XML_VIEW_COLS


USER_XS_ACES


USER_XS_ACLS



TABLE_NAME
--------------------------------------------------------------------------------
COMMENTS
--------------------------------------------------------------------------------
USER_XS_ACL_PARAMETERS


USER_XS_COLUMN_CONSTRAINTS


USER_XS_IMPLIED_PRIVILEGES



TABLE_NAME
--------------------------------------------------------------------------------
COMMENTS
--------------------------------------------------------------------------------
USER_XS_INHERITED_REALMS


USER_XS_PASSWORD_LIMITS


USER_XS_POLICIES



TABLE_NAME
--------------------------------------------------------------------------------
COMMENTS
--------------------------------------------------------------------------------
USER_XS_PRIVILEGES


USER_XS_REALM_CONSTRAINTS


USER_XS_SECURITY_CLASSES



TABLE_NAME
--------------------------------------------------------------------------------
COMMENTS
--------------------------------------------------------------------------------
USER_XS_SECURITY_CLASS_DEP


USER_XS_USERS


USER_XTERNAL_LOC_PARTITIONS



TABLE_NAME
--------------------------------------------------------------------------------
COMMENTS
--------------------------------------------------------------------------------
USER_XTERNAL_LOC_SUBPARTITIONS


USER_XTERNAL_PART_TABLES


USER_XTERNAL_TAB_PARTITIONS



TABLE_NAME
--------------------------------------------------------------------------------
COMMENTS
--------------------------------------------------------------------------------
USER_XTERNAL_TAB_SUBPARTITIONS


USER_XT_HIVE_TABLES_VALIDATION


USER_ZONEMAPS



TABLE_NAME
--------------------------------------------------------------------------------
COMMENTS
--------------------------------------------------------------------------------
USER_ZONEMAP_MEASURES


AUDIT_ACTIONS


GLOBAL_NAME



TABLE_NAME
--------------------------------------------------------------------------------
COMMENTS
--------------------------------------------------------------------------------
ROLE_SYS_PRIVS


NLS_SESSION_PARAMETERS


ROLE_TAB_PRIVS



TABLE_NAME
--------------------------------------------------------------------------------
COMMENTS
--------------------------------------------------------------------------------
DICT_COLUMNS


INDEX_HISTOGRAM


RESOURCE_COST



TABLE_NAME
--------------------------------------------------------------------------------
COMMENTS
--------------------------------------------------------------------------------
SESSION_ROLES


SESSION_PRIVS


DUAL



TABLE_NAME
--------------------------------------------------------------------------------
COMMENTS
--------------------------------------------------------------------------------
DBMS_LOCK_ALLOCATED


INDEX_STATS


TABLE_PRIVILEGES



TABLE_NAME
--------------------------------------------------------------------------------
COMMENTS
--------------------------------------------------------------------------------
NLS_INSTANCE_PARAMETERS


COLUMN_PRIVILEGES


DICTIONARY



TABLE_NAME
--------------------------------------------------------------------------------
COMMENTS
--------------------------------------------------------------------------------
ROLE_ROLE_PRIVS


DATABASE_COMPATIBLE_LEVEL


DBMS_ALERT_INFO



TABLE_NAME
--------------------------------------------------------------------------------
COMMENTS
--------------------------------------------------------------------------------
NLS_DATABASE_PARAMETERS



973 rows selected.

SQL> SELECT *
  2  FROM AREA;

       CAR AR
---------- ------------------------------------------------------------
	CD
----------
	 1 ALGEBRA
	 4

	 2 ANALISIS MATEMATICO
	 1

	 3 ASTRONOMIA Y ASTROFISICA
	 2


       CAR AR
---------- ------------------------------------------------------------
	CD
----------
	 4 CIENCIAS DE LA COMPUTACION E INTELIGENCIA ARTIFICIAL
	 3

	 5 DIDACTICA DE LA MATEMATICA
	 1

	 6 ESTADISTICA E INVESTIGACION OPERATIVA
	 3


       CAR AR
---------- ------------------------------------------------------------
	CD
----------
	 7 LENGUAJES Y SISTEMAS INFORMATICOS
	 3

	 8 MATEMATICA APLICADA
	 1


8 rows selected.

SQL> SELECT DNI
  2  FROM PROFESOR
  3  ;

       DNI
----------
      1010
      1111
      2020
      2222
      3030
      3333
      4444
      5555
      6666
      7777
      8888

       DNI
----------
      9999

12 rows selected.

SQL> SELECT *
  2  FROM PROFESOR;

       DNI P
---------- ------------------------------------------------------------
       CAR CAT
---------- -----
      1111 JUAN
	 6 CU

      2222 CARLOS
	 7 TU

      3333 PEDRO
	 4 TEU


       DNI P
---------- ------------------------------------------------------------
       CAR CAT
---------- -----
      4444 MARIA
	 7 TU

      5555 IVAN
	 1 CEU

      6666 CARMEN
	 3 CD


       DNI P
---------- ------------------------------------------------------------
       CAR CAT
---------- -----
      7777 MARIO
	 2 TU

      8888 FRANCISCO
	 5 TU

      9999 ANGELA
	 8 TEU


       DNI P
---------- ------------------------------------------------------------
       CAR CAT
---------- -----
      1010 DAVID
	 4 TU

      2020 SOLEDAD
	 7 CU

      3030 JOSE MANUEL
	 6 TEU


12 rows selected.

SQL> SET LINESIZE 130
SQL> SELECT *
  2  FROM PROFESOR;

       DNI P								       CAR CAT
---------- ------------------------------------------------------------ ---------- -----
      1111 JUAN 							 6 CU
      2222 CARLOS							 7 TU
      3333 PEDRO							 4 TEU
      4444 MARIA							 7 TU
      5555 IVAN 							 1 CEU
      6666 CARMEN							 3 CD
      7777 MARIO							 2 TU
      8888 FRANCISCO							 5 TU
      9999 ANGELA							 8 TEU
      1010 DAVID							 4 TU
      2020 SOLEDAD							 7 CU

       DNI P								       CAR CAT
---------- ------------------------------------------------------------ ---------- -----
      3030 JOSE MANUEL							 6 TEU

12 rows selected.

SQL> SELECT P,DNI,CAT,CAR
  2  FROM PROFESOR;

P								    DNI CAT	     CAR
------------------------------------------------------------ ---------- ----- ----------
JUAN								   1111 CU	       6
CARLOS								   2222 TU	       7
PEDRO								   3333 TEU	       4
MARIA								   4444 TU	       7
IVAN								   5555 CEU	       1
CARMEN								   6666 CD	       3
MARIO								   7777 TU	       2
FRANCISCO							   8888 TU	       5
ANGELA								   9999 TEU	       8
DAVID								   1010 TU	       4
SOLEDAD 							   2020 CU	       7

P								    DNI CAT	     CAR
------------------------------------------------------------ ---------- ----- ----------
JOSE MANUEL							   3030 TEU	       6

12 rows selected.

SQL> SELECT P "Profesor", DNI "D.N.I del profesor", CAT "Categoria", CAR "Codigo de area de conocimiento"
  2  FROM PROFESOR;

Profesor						     D.N.I del profesor Categ Codigo de area de conocimiento
------------------------------------------------------------ ------------------ ----- ------------------------------
JUAN									   1111 CU				   6
CARLOS									   2222 TU				   7
PEDRO									   3333 TEU				   4
MARIA									   4444 TU				   7
IVAN									   5555 CEU				   1
CARMEN									   6666 CD				   3
MARIO									   7777 TU				   2
FRANCISCO								   8888 TU				   5
ANGELA									   9999 TEU				   8
DAVID									   1010 TU				   4
SOLEDAD 								   2020 CU				   7

Profesor						     D.N.I del profesor Categ Codigo de area de conocimiento
------------------------------------------------------------ ------------------ ----- ------------------------------
JOSE MANUEL								   3030 TEU				   6

12 rows selected.

SQL> SELECT *
  2  FROM ASIGNATURA;

       CAS A						      T 	  CUR	     CAR	 CT	    CP	       CL
---------- -------------------------------------------------- ---- ---------- ---------- ---------- ---------- ----------
	 1 BASES DE DATOS				      GII	    3	       7	  3	   1.5	      1.5
	 2 INTELIGENCIA ARTIFICIAL			      GII	    3	       4	1.5	   1.5		3
	 3 ALMACENES DE DATOS				      MII	    1	       7	1.5	     0	      1.5
	 4 MINERIA DE DATOS				      MII	    1	       7	1.5	     0	      1.5
	 5 INFORMATICA BASICA				      GII	    1	       7	  3	   1.5	      1.5
	 6 ALGEBRA					      GII	    1	       1	  3	     3		0
	 7 CALCULO					      GII	    1	       8	  3	     3		0
	 8 OPTIMIZACION 				      GII	    1	       6	  3	   1.5	      1.5
	 9 GESTION DE RIESGOS				      GII	    3	       4	  3	     0		3
	10 ASTRONOMIA					      GF	    2	       3	  3	   1.5	      1.5
	11 ENSENANZA DE LA MATEMATICA			      GM	    2	       5	  6	     0		0

       CAS A						      T 	  CUR	     CAR	 CT	    CP	       CL
---------- -------------------------------------------------- ---- ---------- ---------- ---------- ---------- ----------
	12 ANALISIS COMPLEJO				      GM	    4	       2	4.5	     3		0

12 rows selected.

SQL> SELECT T
  2  FROM ASIGNATURA
  3  WHERE T = 'GII';

T
----
GII
GII
GII
GII
GII
GII
GII

7 rows selected.

SQL> SELECT *
  2  FROM ASIGNATURA
  3  WHERE T = 'GII';

       CAS A						      T 	  CUR	     CAR	 CT	    CP	       CL
---------- -------------------------------------------------- ---- ---------- ---------- ---------- ---------- ----------
	 1 BASES DE DATOS				      GII	    3	       7	  3	   1.5	      1.5
	 2 INTELIGENCIA ARTIFICIAL			      GII	    3	       4	1.5	   1.5		3
	 5 INFORMATICA BASICA				      GII	    1	       7	  3	   1.5	      1.5
	 6 ALGEBRA					      GII	    1	       1	  3	     3		0
	 7 CALCULO					      GII	    1	       8	  3	     3		0
	 8 OPTIMIZACION 				      GII	    1	       6	  3	   1.5	      1.5
	 9 GESTION DE RIESGOS				      GII	    3	       4	  3	     0		3

7 rows selected.

SQL> SELECT DNI
  2  FROM PROFESOR
  3  WHERE CAR = 7;

       DNI
----------
      2222
      4444
      2020

SQL> SELECT UNIQUE P
  2  FROM PROFESOR
  3  WHERE CAR = 7;

P
------------------------------------------------------------
SOLEDAD
CARLOS
MARIA

SQL> SELECT A
  2  FROM ASIGNATURA
  3  WHERE (CAS >= 7);

A
--------------------------------------------------
CALCULO
OPTIMIZACION
GESTION DE RIESGOS
ASTRONOMIA
ENSENANZA DE LA MATEMATICA
ANALISIS COMPLEJO

6 rows selected.

SQL> SELECT A
  2  FROM ASIGNATURA
  3  WHERE (CAS > 7);

A
--------------------------------------------------
OPTIMIZACION
GESTION DE RIESGOS
ASTRONOMIA
ENSENANZA DE LA MATEMATICA
ANALISIS COMPLEJO

SQL> SELECT A
  2  FROM ASIGNATURA
  3  WHERE (CAS > 7);

A
--------------------------------------------------
OPTIMIZACION
GESTION DE RIESGOS
ASTRONOMIA
ENSENANZA DE LA MATEMATICA
ANALISIS COMPLEJO

SQL> SELECT CAS
  2  FROM ASIGNATURA
  3  WHERE (A = 'ALMACENES DE DATOS');

       CAS
----------
	 3

SQL> SELECT A
  2  FROM ASIGNATURA
  3  WHERE (CAS != 8);

A
--------------------------------------------------
BASES DE DATOS
INTELIGENCIA ARTIFICIAL
ALMACENES DE DATOS
MINERIA DE DATOS
INFORMATICA BASICA
ALGEBRA
CALCULO
GESTION DE RIESGOS
ASTRONOMIA
ENSENANZA DE LA MATEMATICA
ANALISIS COMPLEJO

11 rows selected.

SQL> SELECT A
  2  FROM ASIGNATURA
  3  WHERE (CAS <> 8);

A
--------------------------------------------------
BASES DE DATOS
INTELIGENCIA ARTIFICIAL
ALMACENES DE DATOS
MINERIA DE DATOS
INFORMATICA BASICA
ALGEBRA
CALCULO
GESTION DE RIESGOS
ASTRONOMIA
ENSENANZA DE LA MATEMATICA
ANALISIS COMPLEJO

11 rows selected.

SQL> SELECT A
  2  FROM ASIGNATURA
  3  WHERE NOT (CAR = 8);

A
--------------------------------------------------
BASES DE DATOS
INTELIGENCIA ARTIFICIAL
ALMACENES DE DATOS
MINERIA DE DATOS
INFORMATICA BASICA
ALGEBRA
OPTIMIZACION
GESTION DE RIESGOS
ASTRONOMIA
ENSENANZA DE LA MATEMATICA
ANALISIS COMPLEJO

11 rows selected.

SQL> SELECT A
  2  FROM ASIGNATURA
  3  WHERE (CAR != 8) AND (CAR != 11)
  4  ;

A
--------------------------------------------------
BASES DE DATOS
INTELIGENCIA ARTIFICIAL
ALMACENES DE DATOS
MINERIA DE DATOS
INFORMATICA BASICA
ALGEBRA
OPTIMIZACION
GESTION DE RIESGOS
ASTRONOMIA
ENSENANZA DE LA MATEMATICA
ANALISIS COMPLEJO

11 rows selected.

SQL> SELECT A
  2  FROM ASIGNATURA
  3  WHERE (CAS != 8) AND (CAS != 11)
  4  ;

A
--------------------------------------------------
BASES DE DATOS
INTELIGENCIA ARTIFICIAL
ALMACENES DE DATOS
MINERIA DE DATOS
INFORMATICA BASICA
ALGEBRA
CALCULO
GESTION DE RIESGOS
ASTRONOMIA
ANALISIS COMPLEJO

10 rows selected.

SQL> SELECT CAS
  2  FROM ASIGNATURA
  3  WHERE (DNI = 3333);
WHERE (DNI = 3333)
       *
ERROR at line 3:
ORA-00904: "DNI": invalid identifier


SQL> SELECT CAS
  2  FROM PLAN_DOCENTE
  3  WHERE (DNI = 3333);

       CAS
----------
	 2
	 9

SQL> SELECT CD
  2  FROM DEPARTAMENTO
  3  WHERE (D = 'ASTROFISICA');

	CD
----------
	 2

SQL> SELECT DNI
  2  FROM PLAN_DOCENTE
  3  WHERE (FF = '01-SEP-09');

no rows selected

SQL> SELECT DNI
  2  FROM PLAN_DOCENTE
  3  WHERE (FF IS '01-SEP-09');
WHERE (FF IS '01-SEP-09')
          *
ERROR at line 3:
ORA-00908: missing NULL keyword


SQL> SELECT DNI
  2  FROM PLAN_DOCENTE
  3  WHERE (FI = '01-SEP-09');

       DNI
----------
      1010
      1111
      2222
      3030
      3333
      8888

6 rows selected.

SQL> SELECT DNI
  2  FROM PLAN_DOCENTE
  3  WHERE (FI < '01-JAN-09');

       DNI
----------
      1010
      1010
      1111
      2020
      2222
      3333
      4444
      6666

8 rows selected.

SQL> SELECT AR
  2  FROM AREA
  3  WHERE (CAR = 3) AND (CAR = 5) AND (CAR = 8);

no rows selected

SQL> SELECT AR
  2  FROM AREA
  3  WHERE CAR IN (3,5,8);

AR
------------------------------------------------------------
ASTRONOMIA Y ASTROFISICA
DIDACTICA DE LA MATEMATICA
MATEMATICA APLICADA

SQL> SELECT AR
  2  FROM AREA
  3  WHERE CAR IN NOT (3,5,8);
WHERE CAR IN NOT (3,5,8)
             *
ERROR at line 3:
ORA-00936: missing expression


SQL> SELECT AR
  2  FROM AREA
  3  WHERE CAR NOT (3,5,8);
WHERE CAR NOT (3,5,8)
              *
ERROR at line 3:
ORA-00920: invalid relational operator


SQL> SELECT AR
  2  FROM AREA
  3  WHERE (CAR != 3) AND (CAR !=5) AND (CAR != 8);

AR
------------------------------------------------------------
ALGEBRA
ANALISIS MATEMATICO
CIENCIAS DE LA COMPUTACION E INTELIGENCIA ARTIFICIAL
ESTADISTICA E INVESTIGACION OPERATIVA
LENGUAJES Y SISTEMAS INFORMATICOS

SQL> SELECT DNI
  2  FROM PROFESOR
  3  ;

       DNI
----------
      1010
      1111
      2020
      2222
      3030
      3333
      4444
      5555
      6666
      7777
      8888

       DNI
----------
      9999

12 rows selected.

SQL> SELECT P
  2  FROM PROFESOR
  3  WHERE DNI BETWEEN 3000 AND 7000;

P
------------------------------------------------------------
JOSE MANUEL
PEDRO
MARIA
IVAN
CARMEN

SQL> SELECT P
  2  FROM PROFESOR
  3  WHERE NOT (DNI BETWEEN 3000 AND 7000);

P
------------------------------------------------------------
JUAN
CARLOS
MARIO
FRANCISCO
ANGELA
DAVID
SOLEDAD

7 rows selected.

SQL> SELECT CAS
  2  FROM PLAN_DOCENTE
  3  WHERE (DNI = 1111);

       CAS
----------
	 8
	 8

SQL> COMMIT WORK
  2  ;

Commit complete.

SQL> SPOOL OFF
